INFO:     Started server process [28900]
INFO:     Waiting for application startup.
INFO:     Application startup complete.
INFO:     Uvicorn running on http://127.0.0.1:8001 (Press CTRL+C to quit)
ERROR:    Exception in ASGI application
Traceback (most recent call last):
  File "C:\GitHub\city-guide\backend\.venv\Lib\site-packages\sqlalchemy\engine\base.py", line 1943, in _exec_single_context
    self.dialect.do_execute(
    ~~~~~~~~~~~~~~~~~~~~~~~^
        cursor, str_statement, effective_parameters, context
        ^^^^^^^^^^^^^^^^^^^^^^^^^^^^^^^^^^^^^^^^^^^^^^^^^^^^
    )
    ^
  File "C:\GitHub\city-guide\backend\.venv\Lib\site-packages\sqlalchemy\engine\default.py", line 1180, in do_execute
    cursor.execute(statement, parameters)
    ~~~~~~~~~~~~~~^^^^^^^^^^^^^^^^^^^^^^^
  File "C:\GitHub\city-guide\backend\.venv\Lib\site-packages\psycopg\cursor.py", line 117, in execute
    raise ex.with_traceback(None)
psycopg.errors.UniqueViolation: duplicate key value violates unique constraint "uq_cities_name_country"
DETAIL:  Key (name, country)=(Moscow, RU) already exists.

The above exception was the direct cause of the following exception:

Traceback (most recent call last):
  File "C:\GitHub\city-guide\backend\.venv\Lib\site-packages\uvicorn\protocols\http\httptools_impl.py", line 422, in run_asgi
    result = await app(  # type: ignore[func-returns-value]
             ^^^^^^^^^^^^^^^^^^^^^^^^^^^^^^^^^^^^^^^^^^^^^^
        self.scope, self.receive, self.send
        ^^^^^^^^^^^^^^^^^^^^^^^^^^^^^^^^^^^
    )
    ^
  File "C:\GitHub\city-guide\backend\.venv\Lib\site-packages\uvicorn\middleware\proxy_headers.py", line 63, in __call__
    return await self.app(scope, receive, send)
           ^^^^^^^^^^^^^^^^^^^^^^^^^^^^^^^^^^^^
  File "C:\GitHub\city-guide\backend\.venv\Lib\site-packages\fastapi\applications.py", line 1163, in __call__
    await super().__call__(scope, receive, send)
  File "C:\GitHub\city-guide\backend\.venv\Lib\site-packages\starlette\applications.py", line 96, in __call__
    await self.middleware_stack(scope, receive, send)
  File "C:\GitHub\city-guide\backend\.venv\Lib\site-packages\starlette\middleware\errors.py", line 186, in __call__
    raise exc
  File "C:\GitHub\city-guide\backend\.venv\Lib\site-packages\starlette\middleware\errors.py", line 164, in __call__
    await self.app(scope, receive, _send)
  File "C:\GitHub\city-guide\backend\.venv\Lib\site-packages\starlette\middleware\exceptions.py", line 63, in __call__
    await wrap_app_handling_exceptions(self.app, conn)(scope, receive, send)
  File "C:\GitHub\city-guide\backend\.venv\Lib\site-packages\starlette\_exception_handler.py", line 53, in wrapped_app
    raise exc
  File "C:\GitHub\city-guide\backend\.venv\Lib\site-packages\starlette\_exception_handler.py", line 42, in wrapped_app
    await app(scope, receive, sender)
  File "C:\GitHub\city-guide\backend\.venv\Lib\site-packages\fastapi\middleware\asyncexitstack.py", line 18, in __call__
    await self.app(scope, receive, send)
  File "C:\GitHub\city-guide\backend\.venv\Lib\site-packages\starlette\routing.py", line 676, in __call__
    await self.middleware_stack(scope, receive, send)
  File "C:\GitHub\city-guide\backend\.venv\Lib\site-packages\fastapi\routing.py", line 2734, in app
    await route.handle(scope, receive, send)
  File "C:\GitHub\city-guide\backend\.venv\Lib\site-packages\fastapi\routing.py", line 1780, in handle
    await self.original_router.handle(scope, receive, send)
  File "C:\GitHub\city-guide\backend\.venv\Lib\site-packages\fastapi\routing.py", line 2789, in handle
    await included_router._handle_selected(scope, receive, send)
  File "C:\GitHub\city-guide\backend\.venv\Lib\site-packages\fastapi\routing.py", line 1791, in _handle_selected
    await route.handle(scope, receive, send)
  File "C:\GitHub\city-guide\backend\.venv\Lib\site-packages\fastapi\routing.py", line 1780, in handle
    await self.original_router.handle(scope, receive, send)
  File "C:\GitHub\city-guide\backend\.venv\Lib\site-packages\fastapi\routing.py", line 2789, in handle
    await included_router._handle_selected(scope, receive, send)
  File "C:\GitHub\city-guide\backend\.venv\Lib\site-packages\fastapi\routing.py", line 1800, in _handle_selected
    await original_route.handle(scope, receive, send)
  File "C:\GitHub\city-guide\backend\.venv\Lib\site-packages\fastapi\routing.py", line 1279, in handle
    await app(scope, receive, send)
  File "C:\GitHub\city-guide\backend\.venv\Lib\site-packages\fastapi\routing.py", line 158, in app
    await wrap_app_handling_exceptions(app, request)(scope, receive, send)
  File "C:\GitHub\city-guide\backend\.venv\Lib\site-packages\starlette\_exception_handler.py", line 53, in wrapped_app
    raise exc
  File "C:\GitHub\city-guide\backend\.venv\Lib\site-packages\starlette\_exception_handler.py", line 42, in wrapped_app
    await app(scope, receive, sender)
  File "C:\GitHub\city-guide\backend\.venv\Lib\site-packages\fastapi\routing.py", line 144, in app
    response = await f(request)
               ^^^^^^^^^^^^^^^^
  File "C:\GitHub\city-guide\backend\.venv\Lib\site-packages\fastapi\routing.py", line 706, in app
    raw_response = await run_endpoint_function(
                   ^^^^^^^^^^^^^^^^^^^^^^^^^^^^
    ...<3 lines>...
    )
    ^
  File "C:\GitHub\city-guide\backend\.venv\Lib\site-packages\fastapi\routing.py", line 354, in run_endpoint_function
    return await run_in_threadpool(dependant.call, **values)
           ^^^^^^^^^^^^^^^^^^^^^^^^^^^^^^^^^^^^^^^^^^^^^^^^^
  File "C:\GitHub\city-guide\backend\.venv\Lib\site-packages\starlette\concurrency.py", line 34, in run_in_threadpool
    return await anyio.to_thread.run_sync(func)
           ^^^^^^^^^^^^^^^^^^^^^^^^^^^^^^^^^^^^
  File "C:\GitHub\city-guide\backend\.venv\Lib\site-packages\anyio\to_thread.py", line 65, in run_sync
    return await get_async_backend().run_sync_in_worker_thread(
           ^^^^^^^^^^^^^^^^^^^^^^^^^^^^^^^^^^^^^^^^^^^^^^^^^^^^
        func, args, abandon_on_cancel=abandon_on_cancel, limiter=limiter
        ^^^^^^^^^^^^^^^^^^^^^^^^^^^^^^^^^^^^^^^^^^^^^^^^^^^^^^^^^^^^^^^^
    )
    ^
  File "C:\GitHub\city-guide\backend\.venv\Lib\site-packages\anyio\_backends\_asyncio.py", line 2706, in run_sync_in_worker_thread
    return await future
           ^^^^^^^^^^^^
  File "C:\GitHub\city-guide\backend\.venv\Lib\site-packages\anyio\_backends\_asyncio.py", line 1100, in run
    result = context.run(func, *args)
  File "C:\GitHub\city-guide\backend\app\api\routes\cities.py", line 21, in create_city
    db.commit()
    ~~~~~~~~~^^
  File "C:\GitHub\city-guide\backend\.venv\Lib\site-packages\sqlalchemy\orm\session.py", line 2095, in commit
    trans.commit(_to_root=True)
    ~~~~~~~~~~~~^^^^^^^^^^^^^^^
  File "<sqlalchemy generated _go() wrapper for sqlalchemy.orm.session.SessionTransaction.commit>", line 2, in commit
    return target(fn, self, _to_root=_to_root)
  File "C:\GitHub\city-guide\backend\.venv\Lib\site-packages\sqlalchemy\orm\state_changes.py", line 137, in _go
    ret_value = fn(self, *arg, **kw)
  File "C:\GitHub\city-guide\backend\.venv\Lib\site-packages\sqlalchemy\orm\session.py", line 1330, in commit
    self._prepare_impl()
    ~~~~~~~~~~~~~~~~~~^^
  File "<sqlalchemy generated _go() wrapper for sqlalchemy.orm.session.SessionTransaction._prepare_impl>", line 2, in _prepare_impl
    return target(fn, self)
  File "C:\GitHub\city-guide\backend\.venv\Lib\site-packages\sqlalchemy\orm\state_changes.py", line 137, in _go
    ret_value = fn(self, *arg, **kw)
  File "C:\GitHub\city-guide\backend\.venv\Lib\site-packages\sqlalchemy\orm\session.py", line 1304, in _prepare_impl
    self.session.flush()
    ~~~~~~~~~~~~~~~~~~^^
  File "C:\GitHub\city-guide\backend\.venv\Lib\site-packages\sqlalchemy\orm\session.py", line 4536, in flush
    self._flush(objects)
    ~~~~~~~~~~~^^^^^^^^^
  File "<sqlalchemy generated warned() wrapper for sqlalchemy.orm.session.Session._flush>", line 2, in _flush
    return target(fn, self, objects=objects)
  File "C:\GitHub\city-guide\backend\.venv\Lib\site-packages\sqlalchemy\util\deprecations.py", line 281, in warned
    return fn(*args, **kwargs)  # type: ignore[no-any-return]
  File "C:\GitHub\city-guide\backend\.venv\Lib\site-packages\sqlalchemy\orm\session.py", line 4679, in _flush
    with util.safe_reraise():
         ~~~~~~~~~~~~~~~~~^^
  File "C:\GitHub\city-guide\backend\.venv\Lib\site-packages\sqlalchemy\util\langhelpers.py", line 166, in __exit__
    raise exc_value.with_traceback(exc_tb)
  File "C:\GitHub\city-guide\backend\.venv\Lib\site-packages\sqlalchemy\orm\session.py", line 4640, in _flush
    flush_context.execute()
    ~~~~~~~~~~~~~~~~~~~~~^^
  File "C:\GitHub\city-guide\backend\.venv\Lib\site-packages\sqlalchemy\orm\unitofwork.py", line 467, in execute
    rec.execute(self)
    ~~~~~~~~~~~^^^^^^
  File "C:\GitHub\city-guide\backend\.venv\Lib\site-packages\sqlalchemy\orm\unitofwork.py", line 643, in execute
    util.preloaded.orm_persistence._save_obj(
    ~~~~~~~~~~~~~~~~~~~~~~~~~~~~~~~~~~~~~~~~^
        self.mapper,
        ^^^^^^^^^^^^
        uow.states_for_mapper_hierarchy(self.mapper, False, False),
        ^^^^^^^^^^^^^^^^^^^^^^^^^^^^^^^^^^^^^^^^^^^^^^^^^^^^^^^^^^^
        uow,
        ^^^^
    )
    ^
  File "C:\GitHub\city-guide\backend\.venv\Lib\site-packages\sqlalchemy\orm\persistence.py", line 92, in _save_obj
    _emit_insert_statements(
    ~~~~~~~~~~~~~~~~~~~~~~~^
        base_mapper,
        ^^^^^^^^^^^^
    ...<3 lines>...
        insert,
        ^^^^^^^
    )
    ^
  File "C:\GitHub\city-guide\backend\.venv\Lib\site-packages\sqlalchemy\orm\persistence.py", line 1237, in _emit_insert_statements
    result = connection.execute(
        statement,
        params,
        execution_options=execution_options,
    )
  File "C:\GitHub\city-guide\backend\.venv\Lib\site-packages\sqlalchemy\engine\base.py", line 1448, in execute
    return meth(
        self,
        distilled_parameters,
        execution_options or NO_OPTIONS,
    )
  File "C:\GitHub\city-guide\backend\.venv\Lib\site-packages\sqlalchemy\sql\elements.py", line 533, in _execute_on_connection
    return connection._execute_clauseelement(
           ~~~~~~~~~~~~~~~~~~~~~~~~~~~~~~~~~^
        self, distilled_params, execution_options
        ^^^^^^^^^^^^^^^^^^^^^^^^^^^^^^^^^^^^^^^^^
    )
    ^
  File "C:\GitHub\city-guide\backend\.venv\Lib\site-packages\sqlalchemy\engine\base.py", line 1668, in _execute_clauseelement
    ret = self._execute_context(
        dialect,
    ...<9 lines>...
        param_dict=param_dict,
    )
  File "C:\GitHub\city-guide\backend\.venv\Lib\site-packages\sqlalchemy\engine\base.py", line 1822, in _execute_context
    return self._exec_single_context(
           ~~~~~~~~~~~~~~~~~~~~~~~~~^
        dialect, context, statement, parameters
        ^^^^^^^^^^^^^^^^^^^^^^^^^^^^^^^^^^^^^^^
    )
    ^
  File "C:\GitHub\city-guide\backend\.venv\Lib\site-packages\sqlalchemy\engine\base.py", line 1962, in _exec_single_context
    self._handle_dbapi_exception(
    ~~~~~~~~~~~~~~~~~~~~~~~~~~~~^
        e, str_statement, effective_parameters, cursor, context
        ^^^^^^^^^^^^^^^^^^^^^^^^^^^^^^^^^^^^^^^^^^^^^^^^^^^^^^^
    )
    ^
  File "C:\GitHub\city-guide\backend\.venv\Lib\site-packages\sqlalchemy\engine\base.py", line 2332, in _handle_dbapi_exception
    raise sqlalchemy_exception.with_traceback(exc_info[2]) from e
  File "C:\GitHub\city-guide\backend\.venv\Lib\site-packages\sqlalchemy\engine\base.py", line 1943, in _exec_single_context
    self.dialect.do_execute(
    ~~~~~~~~~~~~~~~~~~~~~~~^
        cursor, str_statement, effective_parameters, context
        ^^^^^^^^^^^^^^^^^^^^^^^^^^^^^^^^^^^^^^^^^^^^^^^^^^^^
    )
    ^
  File "C:\GitHub\city-guide\backend\.venv\Lib\site-packages\sqlalchemy\engine\default.py", line 1180, in do_execute
    cursor.execute(statement, parameters)
    ~~~~~~~~~~~~~~^^^^^^^^^^^^^^^^^^^^^^^
  File "C:\GitHub\city-guide\backend\.venv\Lib\site-packages\psycopg\cursor.py", line 117, in execute
    raise ex.with_traceback(None)
sqlalchemy.exc.IntegrityError: (psycopg.errors.UniqueViolation) duplicate key value violates unique constraint "uq_cities_name_country"
DETAIL:  Key (name, country)=(Moscow, RU) already exists.
[SQL: INSERT INTO cities (name, country, description) VALUES (%(name)s::VARCHAR, %(country)s::VARCHAR, %(description)s::VARCHAR) RETURNING cities.id, cities.created_at, cities.updated_at]
[parameters: {'name': 'Moscow', 'country': 'RU', 'description': None}]
(Background on this error at: https://sqlalche.me/e/21/gkpj)
